[     124ms] [LOG] [Fast Refresh] rebuilding @ http://localhost:3000/_next/static/chunks/0bl2_next_dist_126uayc._.js:2477
[     343ms] [LOG] [Fast Refresh] done in 326ms @ http://localhost:3000/_next/static/chunks/0bl2_next_dist_126uayc._.js:2477
[     559ms] [INFO] %cDownload the React DevTools for a better development experience: https://react.dev/link/react-devtools font-weight:bold @ http://localhost:3000/_next/static/chunks/0bl2_next_dist_126uayc._.js:2477
[     608ms] [LOG] [HMR] connected @ http://localhost:3000/_next/static/chunks/0bl2_next_dist_126uayc._.js:2477
[     783ms] [ERROR] A tree hydrated but some attributes of the server rendered HTML didn't match the client properties. This won't be patched up. This can happen if a SSR-ed Client Component used:

- A server/client branch `if (typeof window !== 'undefined')`.
- Variable input such as `Date.now()` or `Math.random()` which changes each time it's called.
- Date formatting in a user's locale which doesn't match the server.
- External changing data without sending a snapshot of it along with the HTML.
- Invalid HTML tag nesting.

It can also happen if the client has a browser extension installed which messes with the HTML before React loaded.

%s%s https://react.dev/link/hydration-mismatch 

  ...
    <HotReload globalError={[...]} webSocket={WebSocket} staticIndicatorState={{pathname:null, ...}}>
      <AppDevOverlayErrorBoundary globalError={[...]}>
        <ReplaySsrOnlyErrors>
        <DevRootHTTPAccessFallbackBoundary>
          <HTTPAccessFallbackBoundary notFound={<NotAllowedRootHTTPFallbackError>}>
            <HTTPAccessFallbackErrorBoundary pathname="/" notFound={<NotAllowedRootHTTPFallbackError>} ...>
              <RedirectBoundary>
                <RedirectErrorBoundary router={{...}}>
                  <Head>
                  <__next_root_layout_boundary__>
                    <SegmentViewNode type="layout" pagePath="layout.tsx">
                      <SegmentTrieNode>
                      <link>
                      <script>
                      <script>
                      <RootLayout>
                        <html
                          lang="en"
+                         className="geist_a71539c9-module__T19VSG__variable h-full antialiased"
-                         className="geist_a71539c9-module__T19VSG__variable h-full antialiased dark"
                        >
                  ...
 @ http://localhost:3000/_next/static/chunks/0bl2_next_dist_126uayc._.js:3318
[     938ms] [LOG] [Fast Refresh] rebuilding @ http://localhost:3000/_next/static/chunks/0bl2_next_dist_126uayc._.js:2477
[    1346ms] [LOG] [Fast Refresh] done in 516ms @ http://localhost:3000/_next/static/chunks/0bl2_next_dist_126uayc._.js:2477
[    2059ms] [ERROR] Failed to load resource: the server responded with a status of 500 (Internal Server Error) @ http://localhost:3000/api/logo?src=https%3A%2F%2Finternshala-uploads.internshala.com%2Flogo%252F6385f8a1c006b1669724321.png.webp:0
[    2161ms] [ERROR] Failed to load resource: the server responded with a status of 502 (Bad Gateway) @ http://localhost:3000/api/logo?src=https%3A%2F%2Finternshala-uploads.internshala.com%2Flogo%252F7gzrsoj5ko8-4424.png.webp:0
[   67330ms] [LOG] [Fast Refresh] rebuilding @ http://localhost:3000/_next/static/chunks/0bl2_next_dist_126uayc._.js:2477
[   67433ms] [LOG] [Fast Refresh] done in 212ms @ http://localhost:3000/_next/static/chunks/0bl2_next_dist_126uayc._.js:2477
[   67551ms] [LOG] [Fast Refresh] rebuilding @ http://localhost:3000/_next/static/chunks/0bl2_next_dist_126uayc._.js:2477
[   68044ms] [LOG] [Fast Refresh] done in 596ms @ http://localhost:3000/_next/static/chunks/0bl2_next_dist_126uayc._.js:2477
