[     730ms] [INFO] %cDownload the React DevTools for a better development experience: https://react.dev/link/react-devtools font-weight:bold @ http://localhost:3000/_next/static/chunks/0bl2_next_dist_126uayc._.js:2477
[     780ms] [LOG] [HMR] connected @ http://localhost:3000/_next/static/chunks/0bl2_next_dist_126uayc._.js:2477
[     908ms] [LOG] [Fast Refresh] rebuilding @ http://localhost:3000/_next/static/chunks/0bl2_next_dist_126uayc._.js:2477
[    1220ms] [LOG] [Fast Refresh] done in 416ms @ http://localhost:3000/_next/static/chunks/0bl2_next_dist_126uayc._.js:2477
[    1465ms] [LOG] [Fast Refresh] rebuilding @ http://localhost:3000/_next/static/chunks/0bl2_next_dist_126uayc._.js:2477
[    2341ms] [LOG] [Fast Refresh] done in 984ms @ http://localhost:3000/_next/static/chunks/0bl2_next_dist_126uayc._.js:2477
[    2526ms] [ERROR] Failed to load resource: the server responded with a status of 500 (Internal Server Error) @ http://localhost:3000/api/logo?src=https%3A%2F%2Finternshala-uploads.internshala.com%2Flogo%252F7gzrsoj5ko8-4424.png.webp:0
[    2649ms] [ERROR] Failed to load resource: the server responded with a status of 502 (Bad Gateway) @ http://localhost:3000/api/logo?src=https%3A%2F%2Finternshala-uploads.internshala.com%2Flogo%252F6385f8a1c006b1669724321.png.webp:0
[  133838ms] [LOG] [Fast Refresh] rebuilding @ http://localhost:3000/_next/static/chunks/0bl2_next_dist_126uayc._.js:2477
[  133894ms] [LOG] [Fast Refresh] done in 158ms @ http://localhost:3000/_next/static/chunks/0bl2_next_dist_126uayc._.js:2477
[  134006ms] [LOG] [Fast Refresh] rebuilding @ http://localhost:3000/_next/static/chunks/0bl2_next_dist_126uayc._.js:2477
[  134109ms] [LOG] [Fast Refresh] done in 193ms @ http://localhost:3000/_next/static/chunks/0bl2_next_dist_126uayc._.js:2477
[  134254ms] [LOG] [Fast Refresh] rebuilding @ http://localhost:3000/_next/static/chunks/0bl2_next_dist_126uayc._.js:2477
[  134514ms] [LOG] [Fast Refresh] done in 374ms @ http://localhost:3000/_next/static/chunks/0bl2_next_dist_126uayc._.js:2477
[  142912ms] [LOG] [Fast Refresh] rebuilding @ http://localhost:3000/_next/static/chunks/0bl2_next_dist_126uayc._.js:2477
[  142936ms] [LOG] [Fast Refresh] done in 140ms @ http://localhost:3000/_next/static/chunks/0bl2_next_dist_126uayc._.js:2477
[  143051ms] [LOG] [Fast Refresh] rebuilding @ http://localhost:3000/_next/static/chunks/0bl2_next_dist_126uayc._.js:2477
[  143292ms] [LOG] [Fast Refresh] done in 306ms @ http://localhost:3000/_next/static/chunks/0bl2_next_dist_126uayc._.js:2477
[  143433ms] [LOG] [Fast Refresh] rebuilding @ http://localhost:3000/_next/static/chunks/0bl2_next_dist_126uayc._.js:2477
[  144061ms] [LOG] [Fast Refresh] done in 747ms @ http://localhost:3000/_next/static/chunks/0bl2_next_dist_126uayc._.js:2477
[  144275ms] [LOG] [Fast Refresh] rebuilding @ http://localhost:3000/_next/static/chunks/0bl2_next_dist_126uayc._.js:2477
[  144442ms] [LOG] [Fast Refresh] done in 270ms @ http://localhost:3000/_next/static/chunks/0bl2_next_dist_126uayc._.js:2477
[  144791ms] [ERROR] Failed to load resource: the server responded with a status of 502 (Bad Gateway) @ http://localhost:3000/api/logo?src=https%3A%2F%2Finternshala-uploads.internshala.com%2Flogo%252F7gzrsoj5ko8-4424.png.webp:0
[  144826ms] [ERROR] Failed to load resource: the server responded with a status of 502 (Bad Gateway) @ http://localhost:3000/api/logo?src=https%3A%2F%2Finternshala-uploads.internshala.com%2Flogo%252F6385f8a1c006b1669724321.png.webp:0
[  155236ms] [LOG] [Fast Refresh] rebuilding @ http://localhost:3000/_next/static/chunks/0bl2_next_dist_126uayc._.js:2477
[  155744ms] [LOG] [Fast Refresh] done in 513ms @ http://localhost:3000/_next/static/chunks/0bl2_next_dist_126uayc._.js:2477
[  155852ms] [LOG] [Fast Refresh] rebuilding @ http://localhost:3000/_next/static/chunks/0bl2_next_dist_126uayc._.js:2477
[  156811ms] [LOG] [Fast Refresh] done in 1059ms @ http://localhost:3000/_next/static/chunks/0bl2_next_dist_126uayc._.js:2477
[  164408ms] [LOG] [Fast Refresh] rebuilding @ http://localhost:3000/_next/static/chunks/0bl2_next_dist_126uayc._.js:2477
[  164420ms] [LOG] [Fast Refresh] done in 125ms @ http://localhost:3000/_next/static/chunks/0bl2_next_dist_126uayc._.js:2477
[  164533ms] [LOG] [Fast Refresh] rebuilding @ http://localhost:3000/_next/static/chunks/0bl2_next_dist_126uayc._.js:2477
[  164832ms] [LOG] [Fast Refresh] done in 319ms @ http://localhost:3000/_next/static/chunks/0bl2_next_dist_126uayc._.js:2477
[  164936ms] [LOG] [Fast Refresh] rebuilding @ http://localhost:3000/_next/static/chunks/0bl2_next_dist_126uayc._.js:2477
[  165562ms] [LOG] [Fast Refresh] done in 727ms @ http://localhost:3000/_next/static/chunks/0bl2_next_dist_126uayc._.js:2477
[  170821ms] [LOG] [Fast Refresh] rebuilding @ http://localhost:3000/_next/static/chunks/0bl2_next_dist_126uayc._.js:2477
[  170859ms] [LOG] [Fast Refresh] done in 141ms @ http://localhost:3000/_next/static/chunks/0bl2_next_dist_126uayc._.js:2477
