[     624ms] [INFO] %cDownload the React DevTools for a better development experience: https://react.dev/link/react-devtools font-weight:bold @ http://localhost:3000/_next/static/chunks/0bl2_next_dist_126uayc._.js:2477
[     731ms] [LOG] [HMR] connected @ http://localhost:3000/_next/static/chunks/0bl2_next_dist_126uayc._.js:2477
[     985ms] Error: Objects are not valid as a React child (found: object with keys {label_value, label_mobile, label_app, labels_app_in_card}). If you meant to render a collection of children, use an array instead.
    at throwOnInvalidObjectTypeImpl (http://localhost:3000/_next/static/chunks/0bl2_next_dist_compiled_react-dom_01_2rz9._.js:3922:15)
    at throwOnInvalidObjectType (http://localhost:3000/_next/static/chunks/0bl2_next_dist_compiled_react-dom_01_2rz9._.js:3926:110)
    at reconcileChildFibersImpl (http://localhost:3000/_next/static/chunks/0bl2_next_dist_compiled_react-dom_01_2rz9._.js:4249:17)
    at http://localhost:3000/_next/static/chunks/0bl2_next_dist_compiled_react-dom_01_2rz9._.js:4261:39
    at reconcileChildren (http://localhost:3000/_next/static/chunks/0bl2_next_dist_compiled_react-dom_01_2rz9._.js:5898:51)
    at beginWork (http://localhost:3000/_next/static/chunks/0bl2_next_dist_compiled_react-dom_01_2rz9._.js:6758:1573)
    at runWithFiberInDEV (http://localhost:3000/_next/static/chunks/0bl2_next_dist_compiled_react-dom_01_2rz9._.js:965:74)
    at performUnitOfWork (http://localhost:3000/_next/static/chunks/0bl2_next_dist_compiled_react-dom_01_2rz9._.js:9555:97)
    at workLoopSync (http://localhost:3000/_next/static/chunks/0bl2_next_dist_compiled_react-dom_01_2rz9._.js:9449:40)
    at renderRootSync (http://localhost:3000/_next/static/chunks/0bl2_next_dist_compiled_react-dom_01_2rz9._.js:9433:13)
    at performWorkOnRoot (http://localhost:3000/_next/static/chunks/0bl2_next_dist_compiled_react-dom_01_2rz9._.js:9098:47)
    at performWorkOnRootViaSchedulerTask (http://localhost:3000/_next/static/chunks/0bl2_next_dist_compiled_react-dom_01_2rz9._.js:10255:9)
    at MessagePort.performWorkUntilDeadline (http://localhost:3000/_next/static/chunks/0bl2_next_dist_compiled_0uobupv._.js:2647:64)
[   43102ms] [LOG] [Fast Refresh] rebuilding @ http://localhost:3000/_next/static/chunks/0bl2_next_dist_126uayc._.js:2477
[   43127ms] [WARNING] [Fast Refresh] performing full reload because your application had an unrecoverable error @ http://localhost:3000/_next/static/chunks/0bl2_next_dist_126uayc._.js:2477
[   43128ms] [LOG] [Fast Refresh] done in 125ms @ http://localhost:3000/_next/static/chunks/0bl2_next_dist_126uayc._.js:2477
[   43231ms] [LOG] [Fast Refresh] rebuilding @ http://localhost:3000/_next/static/chunks/0bl2_next_dist_126uayc._.js:2477
[   43629ms] [LOG] [Fast Refresh] done in 497ms @ http://localhost:3000/_next/static/chunks/0bl2_next_dist_126uayc._.js:2477
[   43865ms] [INFO] %cDownload the React DevTools for a better development experience: https://react.dev/link/react-devtools font-weight:bold @ http://localhost:3000/_next/static/chunks/0bl2_next_dist_126uayc._.js:2477
[   43901ms] [LOG] [HMR] connected @ http://localhost:3000/_next/static/chunks/0bl2_next_dist_126uayc._.js:2477
