[    1836ms] [INFO] %cDownload the React DevTools for a better development experience: https://react.dev/link/react-devtools font-weight:bold @ http://localhost:3000/_next/static/chunks/0bl2_next_dist_126uayc._.js:2477
[    2509ms] [LOG] [HMR] connected @ http://localhost:3000/_next/static/chunks/0bl2_next_dist_126uayc._.js:2477
[   16506ms] [ERROR] Failed to load resource: the server responded with a status of 502 (Bad Gateway) @ http://localhost:3000/api/logo?src=https%3A%2F%2Finternshala-uploads.internshala.com%2Flogo%252F6385f8a1c006b1669724321.png.webp:0
[   16766ms] [ERROR] Failed to load resource: the server responded with a status of 502 (Bad Gateway) @ http://localhost:3000/api/logo?src=https%3A%2F%2Finternshala-uploads.internshala.com%2Flogo%252F7gzrsoj5ko8-4424.png.webp:0
[   77907ms] [LOG] [Fast Refresh] rebuilding @ http://localhost:3000/_next/static/chunks/0bl2_next_dist_126uayc._.js:2477
[   80521ms] [LOG] [Fast Refresh] done in 2093ms @ http://localhost:3000/_next/static/chunks/0bl2_next_dist_126uayc._.js:2477
[   91016ms] [LOG] [Fast Refresh] rebuilding @ http://localhost:3000/_next/static/chunks/0bl2_next_dist_126uayc._.js:2477
[   93429ms] [LOG] [Fast Refresh] done in 1104ms @ http://localhost:3000/_next/static/chunks/0bl2_next_dist_126uayc._.js:2477
[   95309ms] Error: Target container is not a DOM element.
    at exports.createPortal (http://localhost:3000/_next/static/chunks/0bl2_next_dist_compiled_react-dom_01_2rz9._.js:79:116)
    at MobileMenu (http://localhost:3000/_next/static/chunks/app_03k8oq.._.js?id=%255Bproject%255D%252Fapp%252Fcomponents%252FHeader.tsx+%255Bapp-client%255D+%2528ecmascript%2529:438:322)
    at Object.react_stack_bottom_frame (http://localhost:3000/_next/static/chunks/0bl2_next_dist_compiled_react-dom_01_2rz9._.js:15037:24)
    at renderWithHooks (http://localhost:3000/_next/static/chunks/0bl2_next_dist_compiled_react-dom_01_2rz9._.js:4620:24)
    at updateFunctionComponent (http://localhost:3000/_next/static/chunks/0bl2_next_dist_compiled_react-dom_01_2rz9._.js:6081:21)
    at beginWork (http://localhost:3000/_next/static/chunks/0bl2_next_dist_compiled_react-dom_01_2rz9._.js:6691:24)
    at runWithFiberInDEV (http://localhost:3000/_next/static/chunks/0bl2_next_dist_compiled_react-dom_01_2rz9._.js:965:74)
    at performUnitOfWork (http://localhost:3000/_next/static/chunks/0bl2_next_dist_compiled_react-dom_01_2rz9._.js:9555:97)
    at workLoopSync (http://localhost:3000/_next/static/chunks/0bl2_next_dist_compiled_react-dom_01_2rz9._.js:9449:40)
    at renderRootSync (http://localhost:3000/_next/static/chunks/0bl2_next_dist_compiled_react-dom_01_2rz9._.js:9433:13)
    at performWorkOnRoot (http://localhost:3000/_next/static/chunks/0bl2_next_dist_compiled_react-dom_01_2rz9._.js:9061:186)
    at performWorkOnRootViaSchedulerTask (http://localhost:3000/_next/static/chunks/0bl2_next_dist_compiled_react-dom_01_2rz9._.js:10255:9)
    at MessagePort.performWorkUntilDeadline (http://localhost:3000/_next/static/chunks/0bl2_next_dist_compiled_0uobupv._.js:2647:64)
[  113764ms] [LOG] [Fast Refresh] rebuilding @ http://localhost:3000/_next/static/chunks/0bl2_next_dist_126uayc._.js:2477
[  153324ms] [INFO] %cDownload the React DevTools for a better development experience: https://react.dev/link/react-devtools font-weight:bold @ http://localhost:3000/_next/static/chunks/0bl2_next_dist_126uayc._.js:2477
[  153516ms] [LOG] [HMR] connected @ http://localhost:3000/_next/static/chunks/0bl2_next_dist_126uayc._.js:2477
[  154692ms] [LOG] [Fast Refresh] rebuilding @ http://localhost:3000/_next/static/chunks/0bl2_next_dist_126uayc._.js:2477
[  154842ms] [ERROR] Can't perform a React state update on a component that hasn't mounted yet. This indicates that you have a side-effect in your render function that asynchronously tries to update the component. Move this work to useEffect instead. @ http://localhost:3000/_next/static/chunks/0bl2_next_dist_126uayc._.js:3318
[  156544ms] [LOG] [Fast Refresh] done in 1837ms @ http://localhost:3000/_next/static/chunks/0bl2_next_dist_126uayc._.js:2477
[  162039ms] [LOG] [Fast Refresh] rebuilding @ http://localhost:3000/_next/static/chunks/0bl2_next_dist_126uayc._.js:2477
[  162161ms] [LOG] [Fast Refresh] done in 241ms @ http://localhost:3000/_next/static/chunks/0bl2_next_dist_126uayc._.js:2477
[  162372ms] [LOG] [Fast Refresh] rebuilding @ http://localhost:3000/_next/static/chunks/0bl2_next_dist_126uayc._.js:2477
[  164511ms] [LOG] [Fast Refresh] done in 1999ms @ http://localhost:3000/_next/static/chunks/0bl2_next_dist_126uayc._.js:2477
[  171095ms] [LOG] [Fast Refresh] rebuilding @ http://localhost:3000/_next/static/chunks/0bl2_next_dist_126uayc._.js:2477
[  179302ms] [LOG] [Fast Refresh] done in 8249ms @ http://localhost:3000/_next/static/chunks/0bl2_next_dist_126uayc._.js:2477
[  186204ms] [ERROR] Failed to load resource: the server responded with a status of 500 (Internal Server Error) @ http://localhost:3000/api/logo?src=https%3A%2F%2Finternshala-uploads.internshala.com%2Flogo%252F7gzrsoj5ko8-4424.png.webp:0
[  186208ms] [ERROR] Failed to load resource: the server responded with a status of 500 (Internal Server Error) @ http://localhost:3000/api/logo?src=https%3A%2F%2Finternshala-uploads.internshala.com%2Flogo%252F6385f8a1c006b1669724321.png.webp:0
[  195870ms] [LOG] [Fast Refresh] rebuilding @ http://localhost:3000/_next/static/chunks/0bl2_next_dist_126uayc._.js:2477
[  198158ms] [LOG] [Fast Refresh] done in 2121ms @ http://localhost:3000/_next/static/chunks/0bl2_next_dist_126uayc._.js:2477
