[    1310ms] ReferenceError: Quill is not defined
    at https://internshala.com/static/js/application/application.1777019194.js:9:13
[    1343ms] [LOG]  @ https://internshala.com/static/js/combined/common_form.1779357885.js:38
[    1343ms] [LOG] %cINTERNSHALA
 position: absolute; top: 10px;color: #fff; padding:5px; font-weight: bold; font-family: helvetica; pading:10px; background-color: #1295c9; font-size: 40px; margin:0 auto; align:center; @ https://internshala.com/static/js/combined/common_form.1779357885.js:38
[    1343ms] [LOG]  @ https://internshala.com/static/js/combined/common_form.1779357885.js:38
[    1343ms] [LOG] %cWe are transforming the lives of millions of college students, one meaningful internship at a time. Apply here  https://internshala.com/careers to work with us. font-family: arial; font-style: italic; font-size: 14px; @ https://internshala.com/static/js/combined/common_form.1779357885.js:38
[    1488ms] [VERBOSE] [DOM] Input elements should have autocomplete attributes (suggested: "username"): (More info: https://goo.gl/9p2vKq) %o @ https://internshala.com/internships/:0
[    4338ms] [ERROR] A bad HTTP response code (404) was received when fetching the script. @ :0
[    4669ms] [ERROR] Failed to load resource: net::ERR_CONNECTION_RESET @ https://sdk-03.moengage.com/v3/campaigns/inapp/live?sdk_ver=2.54.12&unique_id=35a90042-1a12-4e91-bec1-668b33fc027e&os=web:0
[    8159ms] [WARNING] The resource https://internshala.com//static/images/home/sprites/img-assets.png was preloaded using link preload but not used within a few seconds from the window's load event. Please make sure it has an appropriate `as` value and it is preloaded intentionally. @ https://internshala.com/internships/:0
[    8159ms] [WARNING] The resource https://internshala.com/static/images/internship/subscription-popup/r575.png was preloaded using link preload but not used within a few seconds from the window's load event. Please make sure it has an appropriate `as` value and it is preloaded intentionally. @ https://internshala.com/internships/:0
[    8160ms] [WARNING] The resource https://internshala.com/static/images/internship/banners/jobs_banner_r1920.png was preloaded using link preload but not used within a few seconds from the window's load event. Please make sure it has an appropriate `as` value and it is preloaded intentionally. @ https://internshala.com/internships/:0
[   11739ms] [WARNING] The resource https://internshala.com//static/images/home/sprites/img-assets.png was preloaded using link preload but not used within a few seconds from the window's load event. Please make sure it has an appropriate `as` value and it is preloaded intentionally. @ https://internshala.com/internships/:0
[   11739ms] [WARNING] The resource https://internshala.com/static/images/internship/subscription-popup/r575.png was preloaded using link preload but not used within a few seconds from the window's load event. Please make sure it has an appropriate `as` value and it is preloaded intentionally. @ https://internshala.com/internships/:0
[   11744ms] [WARNING] The resource https://internshala.com/static/images/internship/banners/jobs_banner_r1920.png was preloaded using link preload but not used within a few seconds from the window's load event. Please make sure it has an appropriate `as` value and it is preloaded intentionally. @ https://internshala.com/internships/:0
[  112695ms] Uncaught (in promise) Error: reCAPTCHA Timeout (o)
    at <anonymous> (https://www.gstatic.com/recaptcha/releases/Br0hYqpfWeFzYCAXLD4UuCIV/recaptcha__en.js:1500:160)
    at W (https://www.gstatic.com/recaptcha/releases/Br0hYqpfWeFzYCAXLD4UuCIV/recaptcha__en.js:577:97)
[  119039ms] [WARNING] The resource https://internshala.com//static/images/home/sprites/img-assets.png was preloaded using link preload but not used within a few seconds from the window's load event. Please make sure it has an appropriate `as` value and it is preloaded intentionally. @ https://internshala.com/internships/:0
[  119039ms] [WARNING] The resource https://internshala.com/static/images/internship/subscription-popup/r575.png was preloaded using link preload but not used within a few seconds from the window's load event. Please make sure it has an appropriate `as` value and it is preloaded intentionally. @ https://internshala.com/internships/:0
[  119039ms] [WARNING] The resource https://internshala.com/static/images/internship/banners/jobs_banner_r1920.png was preloaded using link preload but not used within a few seconds from the window's load event. Please make sure it has an appropriate `as` value and it is preloaded intentionally. @ https://internshala.com/internships/:0
[  228985ms] [WARNING] The resource https://internshala.com//static/images/home/sprites/img-assets.png was preloaded using link preload but not used within a few seconds from the window's load event. Please make sure it has an appropriate `as` value and it is preloaded intentionally. @ https://internshala.com/internships/:0
[  228985ms] [WARNING] The resource https://internshala.com/static/images/internship/subscription-popup/r575.png was preloaded using link preload but not used within a few seconds from the window's load event. Please make sure it has an appropriate `as` value and it is preloaded intentionally. @ https://internshala.com/internships/:0
[  228985ms] [WARNING] The resource https://internshala.com/static/images/internship/banners/jobs_banner_r1920.png was preloaded using link preload but not used within a few seconds from the window's load event. Please make sure it has an appropriate `as` value and it is preloaded intentionally. @ https://internshala.com/internships/:0
[  242119ms] [WARNING] The resource https://internshala.com//static/images/home/sprites/img-assets.png was preloaded using link preload but not used within a few seconds from the window's load event. Please make sure it has an appropriate `as` value and it is preloaded intentionally. @ https://internshala.com/internships/:0
[  242119ms] [WARNING] The resource https://internshala.com/static/images/internship/subscription-popup/r575.png was preloaded using link preload but not used within a few seconds from the window's load event. Please make sure it has an appropriate `as` value and it is preloaded intentionally. @ https://internshala.com/internships/:0
[  242119ms] [WARNING] The resource https://internshala.com/static/images/internship/banners/jobs_banner_r1920.png was preloaded using link preload but not used within a few seconds from the window's load event. Please make sure it has an appropriate `as` value and it is preloaded intentionally. @ https://internshala.com/internships/:0
[  258301ms] [WARNING] The resource https://internshala.com//static/images/home/sprites/img-assets.png was preloaded using link preload but not used within a few seconds from the window's load event. Please make sure it has an appropriate `as` value and it is preloaded intentionally. @ https://internshala.com/internships/:0
[  258301ms] [WARNING] The resource https://internshala.com/static/images/internship/subscription-popup/r575.png was preloaded using link preload but not used within a few seconds from the window's load event. Please make sure it has an appropriate `as` value and it is preloaded intentionally. @ https://internshala.com/internships/:0
[  258301ms] [WARNING] The resource https://internshala.com/static/images/internship/banners/jobs_banner_r1920.png was preloaded using link preload but not used within a few seconds from the window's load event. Please make sure it has an appropriate `as` value and it is preloaded intentionally. @ https://internshala.com/internships/:0
[  319434ms] [WARNING] The resource https://internshala.com//static/images/home/sprites/img-assets.png was preloaded using link preload but not used within a few seconds from the window's load event. Please make sure it has an appropriate `as` value and it is preloaded intentionally. @ https://internshala.com/internships/:0
[  319434ms] [WARNING] The resource https://internshala.com/static/images/internship/subscription-popup/r575.png was preloaded using link preload but not used within a few seconds from the window's load event. Please make sure it has an appropriate `as` value and it is preloaded intentionally. @ https://internshala.com/internships/:0
[  319434ms] [WARNING] The resource https://internshala.com/static/images/internship/banners/jobs_banner_r1920.png was preloaded using link preload but not used within a few seconds from the window's load event. Please make sure it has an appropriate `as` value and it is preloaded intentionally. @ https://internshala.com/internships/:0
[  370508ms] [WARNING] The resource https://internshala.com//static/images/home/sprites/img-assets.png was preloaded using link preload but not used within a few seconds from the window's load event. Please make sure it has an appropriate `as` value and it is preloaded intentionally. @ https://internshala.com/internships/:0
[  370508ms] [WARNING] The resource https://internshala.com/static/images/internship/subscription-popup/r575.png was preloaded using link preload but not used within a few seconds from the window's load event. Please make sure it has an appropriate `as` value and it is preloaded intentionally. @ https://internshala.com/internships/:0
[  370508ms] [WARNING] The resource https://internshala.com/static/images/internship/banners/jobs_banner_r1920.png was preloaded using link preload but not used within a few seconds from the window's load event. Please make sure it has an appropriate `as` value and it is preloaded intentionally. @ https://internshala.com/internships/:0
[  378072ms] [WARNING] The resource https://internshala.com//static/images/home/sprites/img-assets.png was preloaded using link preload but not used within a few seconds from the window's load event. Please make sure it has an appropriate `as` value and it is preloaded intentionally. @ https://internshala.com/internships/:0
[  378072ms] [WARNING] The resource https://internshala.com/static/images/internship/subscription-popup/r575.png was preloaded using link preload but not used within a few seconds from the window's load event. Please make sure it has an appropriate `as` value and it is preloaded intentionally. @ https://internshala.com/internships/:0
[  378072ms] [WARNING] The resource https://internshala.com/static/images/internship/banners/jobs_banner_r1920.png was preloaded using link preload but not used within a few seconds from the window's load event. Please make sure it has an appropriate `as` value and it is preloaded intentionally. @ https://internshala.com/internships/:0
[  439064ms] [WARNING] The resource https://internshala.com//static/images/home/sprites/img-assets.png was preloaded using link preload but not used within a few seconds from the window's load event. Please make sure it has an appropriate `as` value and it is preloaded intentionally. @ https://internshala.com/internships/:0
[  439065ms] [WARNING] The resource https://internshala.com/static/images/internship/subscription-popup/r575.png was preloaded using link preload but not used within a few seconds from the window's load event. Please make sure it has an appropriate `as` value and it is preloaded intentionally. @ https://internshala.com/internships/:0
[  439065ms] [WARNING] The resource https://internshala.com/static/images/internship/banners/jobs_banner_r1920.png was preloaded using link preload but not used within a few seconds from the window's load event. Please make sure it has an appropriate `as` value and it is preloaded intentionally. @ https://internshala.com/internships/:0
[  500114ms] [WARNING] The resource https://internshala.com//static/images/home/sprites/img-assets.png was preloaded using link preload but not used within a few seconds from the window's load event. Please make sure it has an appropriate `as` value and it is preloaded intentionally. @ https://internshala.com/internships/:0
[  500114ms] [WARNING] The resource https://internshala.com/static/images/internship/subscription-popup/r575.png was preloaded using link preload but not used within a few seconds from the window's load event. Please make sure it has an appropriate `as` value and it is preloaded intentionally. @ https://internshala.com/internships/:0
[  500114ms] [WARNING] The resource https://internshala.com/static/images/internship/banners/jobs_banner_r1920.png was preloaded using link preload but not used within a few seconds from the window's load event. Please make sure it has an appropriate `as` value and it is preloaded intentionally. @ https://internshala.com/internships/:0
[  561446ms] [WARNING] The resource https://internshala.com//static/images/home/sprites/img-assets.png was preloaded using link preload but not used within a few seconds from the window's load event. Please make sure it has an appropriate `as` value and it is preloaded intentionally. @ https://internshala.com/internships/:0
[  561446ms] [WARNING] The resource https://internshala.com/static/images/internship/subscription-popup/r575.png was preloaded using link preload but not used within a few seconds from the window's load event. Please make sure it has an appropriate `as` value and it is preloaded intentionally. @ https://internshala.com/internships/:0
[  561447ms] [WARNING] The resource https://internshala.com/static/images/internship/banners/jobs_banner_r1920.png was preloaded using link preload but not used within a few seconds from the window's load event. Please make sure it has an appropriate `as` value and it is preloaded intentionally. @ https://internshala.com/internships/:0
[  622062ms] [WARNING] The resource https://internshala.com//static/images/home/sprites/img-assets.png was preloaded using link preload but not used within a few seconds from the window's load event. Please make sure it has an appropriate `as` value and it is preloaded intentionally. @ https://internshala.com/internships/:0
[  622062ms] [WARNING] The resource https://internshala.com/static/images/internship/subscription-popup/r575.png was preloaded using link preload but not used within a few seconds from the window's load event. Please make sure it has an appropriate `as` value and it is preloaded intentionally. @ https://internshala.com/internships/:0
[  622062ms] [WARNING] The resource https://internshala.com/static/images/internship/banners/jobs_banner_r1920.png was preloaded using link preload but not used within a few seconds from the window's load event. Please make sure it has an appropriate `as` value and it is preloaded intentionally. @ https://internshala.com/internships/:0
[  671261ms] [WARNING] The resource https://internshala.com//static/images/home/sprites/img-assets.png was preloaded using link preload but not used within a few seconds from the window's load event. Please make sure it has an appropriate `as` value and it is preloaded intentionally. @ https://internshala.com/internships/:0
[  671261ms] [WARNING] The resource https://internshala.com/static/images/internship/subscription-popup/r575.png was preloaded using link preload but not used within a few seconds from the window's load event. Please make sure it has an appropriate `as` value and it is preloaded intentionally. @ https://internshala.com/internships/:0
[  671261ms] [WARNING] The resource https://internshala.com/static/images/internship/banners/jobs_banner_r1920.png was preloaded using link preload but not used within a few seconds from the window's load event. Please make sure it has an appropriate `as` value and it is preloaded intentionally. @ https://internshala.com/internships/:0
